
> unified-dashboard@0.1.0 build C:\Users\T\Desktop\Unified Dashboard\unified-dashboard
> prisma generate && next build

node.exe : Loaded Prisma config from prisma.config.ts.
At C:\Users\T\AppData\Roaming\npm\pnpm.ps1:24 char:5
+     & "node$exe"  "$basedir/node_modules/pnpm/bin/pnpm.cjs" $args
+     ~~~~~~~~~~~~~~~~~~~~~~~~~~~~~~~~~~~~~~~~~~~~~~~~~~~~~~~~~~~~~
    + CategoryInfo          : NotSpecified: (Loaded Prisma c...isma.config 
   .ts.:String) [], RemoteException
    + FullyQualifiedErrorId : NativeCommandError
 

Prisma schema loaded from prisma\schema.prisma.

Γ£ö Generated Prisma Client (7.3.0) to .\src\generated\prisma in 136ms

ΓÜá Warning: Next.js inferred your workspace root, but it may not be 
correct.
 We detected multiple lockfiles and selected the directory of 
C:\Users\T\package-lock.json as the root directory.
 To silence this warning, set `turbopack.root` in your Next.js config, or 
consider removing one of the lockfiles if it's not needed.
   See https://nextjs.org/docs/app/api-reference/config/next-config-js/turb
opack#root-directory for more information.
 Detected additional lockfiles: 
   * C:\Users\T\Desktop\Unified Dashboard\unified-dashboard\pnpm-lock.yaml

Γû▓ Next.js 16.1.6 (Turbopack)
- Environments: .env

ΓÜá The "middleware" file convention is deprecated. Please use "proxy" 
instead. Learn more: https://nextjs.org/docs/messages/middleware-to-proxy
  Creating an optimized production build ...
Γ£ô Compiled successfully in 5.8s
  Running TypeScript ...
  Collecting page data using 7 workers ...
  Generating static pages using 7 workers (0/8) ...
  Generating static pages using 7 workers (2/8) 
  Generating static pages using 7 workers (4/8) 
  Generating static pages using 7 workers (6/8) 
Γ£ô Generating static pages using 7 workers (8/8) in 516.7ms
  Finalizing page optimization ...

Route (app)
Γöî ╞Æ /
Γö£ Γùï /_not-found
Γö£ ╞Æ /api/cron/sync
Γö£ ╞Æ /dashboard
Γö£ ╞Æ /dashboard/alerts
Γö£ ╞Æ /dashboard/integrations/new
Γö£ ╞Æ /dashboard/workspaces/new
Γö£ ╞Æ /sign-in/[[...sign-in]]
Γöö ╞Æ /sign-up/[[...sign-up]]


╞Æ Proxy (Middleware)

Γùï  (Static)   prerendered as static content
╞Æ  (Dynamic)  server-rendered on demand

